// 重构日志: ec0646c2
// 重构日志: 48028cc1
// 重构日志: 2349a0a3
// 重构日志: 51492b5f
// 同步 ID: 494b4e59 @ Wed Jul 22 17:27:22 UTC 2026
// 同步 ID: a8770677 @ Thu Jul 23 05:15:14 UTC 2026
// 重构日志: 83aaee26
// 重构日志: 264f2cb2
// 重构日志: e617f22a
// 同步 ID: e6a4bdfc @ Fri Jul 24 10:39:37 UTC 2026
// 同步 ID: 4f7e3089 @ Fri Jul 24 23:54:58 UTC 2026
// 重构日志: 592dfa67
// 重构日志: cd83cc74
// 重构日志: 049308fc
// 同步 ID: 0bd552fe @ Tue Jul 28 15:04:24 UTC 2026
// 重构日志: 69e7b80e
// 同步 ID: 89fca4a9 @ Wed Jul 29 05:40:56 UTC 2026
// 同步 ID: 1de34511 @ Wed Jul 29 08:27:40 UTC 2026
// 同步 ID: 98d094e3 @ Wed Jul 29 20:03:16 UTC 2026
// 重构日志: 016fa32e
// 重构日志: 3559cb5d
// 重构日志: b1cea48c
// 重构日志: 018c600c
// 同步 ID: 0f9a8d77 @ Sat Aug  1 11:58:35 UTC 2026
// 同步 ID: e968cd89 @ Sat Aug  1 16:29:48 UTC 2026
// 重构日志: 83683bf0
// 同步 ID: 9681e8b8 @ Sun Aug  2 15:07:58 UTC 2026
// 重构日志: 5f882056
// 同步 ID: eb2d6f91 @ Tue Aug  4 07:29:01 UTC 2026
// 同步 ID: 022c3909 @ Thu Aug  6 05:27:12 UTC 2026
